
ZAKI@DESKTOP-MKD8NE1 MINGW64 ~/Desktop/shopping
$ git init
Initialized empty Git repository in C:/Users/Office/Desktop/shopping/.git/

ZAKI@DESKTOP-MKD8NE1 MINGW64 ~/Desktop/shopping (master)
$ git commit
On branch master

Initial commit

Untracked files:
  (use "git add <file>..." to include in what will be committed)
        groceries.txt
        yard.txt

nothing added to commit but untracked files present (use "git add" to track)

ZAKI@DESKTOP-MKD8NE1 MINGW64 ~/Desktop/shopping (master)
$ git add .

ZAKI@DESKTOP-MKD8NE1 MINGW64 ~/Desktop/shopping (master)
$ git status
On branch master

No commits yet

Changes to be committed:
  (use "git rm --cached <file>..." to unstage)
        new file:   groceries.txt
        new file:   yard.txt


ZAKI@DESKTOP-MKD8NE1 MINGW64 ~/Desktop/shopping (master)
$ git commit -m "create yard and groceries lists"
[master (root-commit) d6ba16c] create yard and groceries lists
 2 files changed, 5 insertions(+)
 create mode 100644 groceries.txt
 create mode 100644 yard.txt

ZAKI@DESKTOP-MKD8NE1 MINGW64 ~/Desktop/shopping (master)
$ git status
On branch master
Changes not staged for commit:
  (use "git add <file>..." to update what will be committed)
  (use "git restore <file>..." to discard changes in working directory)
        modified:   groceries.txt

no changes added to commit (use "git add" and/or "git commit -a")

ZAKI@DESKTOP-MKD8NE1 MINGW64 ~/Desktop/shopping (master)
$ git add .

ZAKI@DESKTOP-MKD8NE1 MINGW64 ~/Desktop/shopping (master)
$ git commit -m "add ingredients for tomato soup"
[master aa08001] add ingredients for tomato soup
 1 file changed, 3 insertions(+), 3 deletions(-)

ZAKI@DESKTOP-MKD8NE1 MINGW64 ~/Desktop/shopping (master)
$ git status
On branch master
Changes not staged for commit:
  (use "git add <file>..." to update what will be committed)
  (use "git restore <file>..." to discard changes in working directory)
        modified:   yard.txt

no changes added to commit (use "git add" and/or "git commit -a")

ZAKI@DESKTOP-MKD8NE1 MINGW64 ~/Desktop/shopping (master)
$ git add .

ZAKI@DESKTOP-MKD8NE1 MINGW64 ~/Desktop/shopping (master)
$ git commit -m " add items needed for garden box"
[master 9c3532d]  add items needed for garden box
 1 file changed, 2 insertions(+), 2 deletions(-)

ZAKI@DESKTOP-MKD8NE1 MINGW64 ~/Desktop/shopping (master)
$ git status
On branch master
Changes not staged for commit:
  (use "git add <file>..." to update what will be committed)
  (use "git restore <file>..." to discard changes in working directory)
        modified:   groceries.txt
        modified:   yard.txt

no changes added to commit (use "git add" and/or "git commit -a")

ZAKI@DESKTOP-MKD8NE1 MINGW64 ~/Desktop/shopping (master)
$ git add .

ZAKI@DESKTOP-MKD8NE1 MINGW64 ~/Desktop/shopping (master)
$ git commit -m " add items needed to grow potatoes"
[master ec22514]  add items needed to grow potatoes
 2 files changed, 3 insertions(+), 2 deletions(-)

ZAKI@DESKTOP-MKD8NE1 MINGW64 ~/Desktop/shopping (master)
$ git log --oneline
ec22514 (HEAD -> master)  add items needed to grow potatoes
9c3532d  add items needed for garden box
aa08001 add ingredients for tomato soup
d6ba16c create yard and groceries lists

ZAKI@DESKTOP-MKD8NE1 MINGW64 ~/Desktop/shopping (master)